// Jest Snapshot v1, https://goo.gl/fbAQLP

exports[`With Snapshot Testing App have 3 works 1`] = `
<div>
  <section
    className="pages__HeroBackground-s183zrgj-0 gUQiSa"
    data-fs-bg="https://futuring.com.br/static/images/bg2.jpg"
  >
    <div
      className="section-f8dwci-0 gbxdCa"
    >
      <header
        className="header-s11110vs-0 iYIljR"
      >
        <svg
          className="logo__Logo-n5vdr4-0 lvjGG"
          viewBox="2355.236 0 1000 1000"
          xmlns="http://www.w3.org/2000/svg"
        >
          <g
            fill="#FFF"
          >
            <path
              d="M2670.606 302.742h19.415v-133.69h111.752v-16.874h-111.75V41.688h131.988V24.824h-151.404M3040.03 193.932c0 18.56-2.093 33.944-6.32 46.184-4.21 12.232-9.77 22.073-16.645 29.506-6.893 7.457-14.914 12.742-24.057 15.823-9.12 3.105-18.756 4.643-28.878 4.643-9.85 0-19.195-1.537-28.04-4.643-8.86-3.08-16.662-8.366-23.406-15.823-6.76-7.433-12.16-17.273-16.238-29.506-4.085-12.24-6.108-27.624-6.108-46.184V24.822h-19.406v171.22c0 21.656 2.587 39.635 7.81 53.977 5.183 14.34 12.153 25.804 20.865 34.366 8.72 8.586 18.692 14.624 29.937 18.137 11.252 3.52 22.77 5.277 34.588 5.277 12.083 0 23.75-1.757 35.01-5.277 11.244-3.513 21.218-9.55 29.93-18.137 8.72-8.562 15.753-20.025 21.093-34.367s8.005-32.32 8.005-53.98V24.824h-18.136v169.11z"
            />
          </g>
          <g
            fill="#FFF"
          >
            <path
              d="M2786.82 692.208h19.405v277.904h-19.406zM3055.886 862.58c0 13.494.274 26.988.83 40.476.558 13.502 1.138 27.004 1.694 40.482h-1.693l-31.207-55.24-117.225-196.09h-20.262v277.904h18.568V797.64c0-13.502-.297-26.645-.838-39.44-.573-12.79-1.138-25.93-1.702-39.433h1.702l31.19 55.256 117.25 196.09h20.244V692.208h-18.552v170.37zM3254.94 833.48v16.443h66.617v86.456c-6.752 6.742-15.675 11.948-26.77 15.603-11.135 3.654-22.99 5.488-35.66 5.488-15.738 0-29.853-3.025-42.367-9.062-12.514-6.054-23.045-14.554-31.615-25.522-8.594-10.963-15.148-24.253-19.634-39.856-4.492-15.604-6.734-33.105-6.734-52.504 0-19.4 2.376-36.83 7.167-52.284 4.775-15.48 11.59-28.612 20.465-39.44 8.86-10.813 19.603-19.188 32.25-25.084 12.648-5.904 26.99-8.868 43.01-8.868 15.187 0 27.835 2.744 37.974 8.232 10.114 5.474 18.818 12.162 26.118 20.026l11.386-12.655c-3.646-3.93-7.92-7.865-12.844-11.81-4.925-3.936-10.476-7.51-16.654-10.75-6.194-3.222-13.07-5.825-20.67-7.794-7.598-1.97-16.034-2.964-25.31-2.964-18.537 0-35.356 3.316-50.396 9.918-15.04 6.603-27.96 16.17-38.798 28.668-10.812 12.52-19.187 27.624-25.084 45.337-5.92 17.72-8.868 37.542-8.868 59.466 0 22.206 2.886 42.24 8.65 60.102 5.754 17.854 13.846 33.034 24.25 45.55 10.398 12.514 22.92 22.127 37.544 28.886 14.616 6.743 30.76 10.114 48.49 10.114 18.544 0 34.79-2.947 48.716-8.844 13.902-5.912 25.232-13.503 33.944-22.795V833.48h-85.177z"
            />
          </g>
          <path
            d="M3038.346 432.543c0-20.794-6.603-35.488-19.807-44.06-13.222-8.585-32.048-12.866-56.512-12.866h-55.25v117.655h55.25c24.723 0 43.636-4.987 56.714-14.97 13.08-9.972 19.604-25.24 19.604-45.76z"
            fill="none"
          />
          <path
            d="M2370.355 376.032h88.566v261.054h19.4V376.032h88.565v-16.865h-196.53M2788.277 528.274c0 18.56-2.102 33.944-6.327 46.185-4.234 12.23-9.77 22.07-16.647 29.513-6.915 7.457-14.913 12.734-24.048 15.815-9.15 3.105-18.764 4.643-28.895 4.643-9.84 0-19.18-1.536-28.024-4.642-8.86-3.08-16.686-8.358-23.42-15.815-6.744-7.44-12.17-17.282-16.232-29.514-4.085-12.24-6.116-27.625-6.116-46.186V359.167h-19.39v171.217c0 21.657 2.587 39.645 7.793 53.98 5.2 14.34 12.163 25.81 20.874 34.374 8.704 8.578 18.693 14.624 29.938 18.13 11.236 3.52 22.77 5.276 34.58 5.276 12.074 0 23.757-1.757 35-5.277 11.253-3.505 21.235-9.55 29.954-18.13 8.704-8.56 15.737-20.032 21.085-34.374 5.34-14.334 8.007-32.32 8.007-53.98V359.168h-18.13v169.107zM2986.9 508.037c21.915-2.808 39.29-10.554 52.08-23.194 12.797-12.655 19.187-30.078 19.187-52.3 0-13.204-2.172-24.464-6.53-33.73-4.36-9.285-10.477-16.876-18.356-22.78-7.856-5.904-17.43-10.186-28.666-12.86-11.244-2.665-23.75-4.005-37.52-4.005h-79.705v277.92h19.39V509.29h59.036l46.02 77.924 10.17-20.15-35.107-59.03zm-24.872-14.765h-55.25V375.617h55.25c24.464 0 43.29 4.28 56.51 12.867 13.205 8.57 19.808 23.265 19.808 44.06 0 20.52-6.524 35.786-19.604 45.76-13.078 9.98-31.99 14.968-56.714 14.968z"
            fill="#FFF"
          />
          <linearGradient
            gradientUnits="userSpaceOnUse"
            id="a"
            x1="3010.494"
            x2="3165.535"
            y1="500"
            y2="500"
          >
            <stop
              offset="0"
              stopColor="#FA00FD"
            />
            <stop
              offset=".118"
              stopColor="#C232F5"
            />
            <stop
              offset=".236"
              stopColor="#915EEF"
            />
            <stop
              offset=".358"
              stopColor="#6684E9"
            />
            <stop
              offset=".481"
              stopColor="#44A3E4"
            />
            <stop
              offset=".606"
              stopColor="#29BBE1"
            />
            <stop
              offset=".732"
              stopColor="#16CCDE"
            />
            <stop
              offset=".862"
              stopColor="#0BD6DD"
            />
            <stop
              offset="1"
              stopColor="#07D9DC"
            />
          </linearGradient>
          <path
            d="M3165.535 354.007L3020.78 645.993h-10.286l144.754-291.986h10.287z"
            fill="url(#a)"
          />
        </svg>
        <nav
          className="menu__Menu-s1wns56p-0 KywfL"
        >
          <ul>
            <li>
              <a
                className="link-s17amj62-0 jfFNAP"
                onClick={[Function]}
              >
                Work
              </a>
            </li>
            <li>
              <a
                className="link-s17amj62-0 jfFNAP"
                onClick={[Function]}
              >
                Hire Us
              </a>
            </li>
          </ul>
        </nav>
      </header>
      <main
        className="main-s1bz8lch-0 eNrIfe"
      >
        <h1
          className="typography__HugeText-s15o004r-0 fTaAmY"
        >
          We deliver digital 
          <span
            className="typography__GradientText-s15o004r-1 fbvIXh"
          >
            experiences
          </span>
          .
        </h1>
      </main>
    </div>
  </section>
  <section
    className="pages__WhiteBackground-s183zrgj-1 cZgHUc"
  >
    <div
      className="section-f8dwci-0 ljbWEA"
      id="work"
    >
      <div
        className="container-sp5kip-0 eELDeP"
      >
        <h2>
          Work
        </h2>
        <div
          className="work__Work-s120issw-0 iTBlkH"
        >
          <div
            className="work work__Content-s120issw-1 hqQlpE"
            title="Meu Negócio"
          >
            <div>
              <img
                alt="Meu Negócio"
                className="work__MockUp-s120issw-2 bfbAZN"
                src="../static/images/home-suave.png"
              />
            </div>
            <div>
              <h3
                className="work__Title-s120issw-3 Rvlgz"
              >
                Meu Negócio
              </h3>
              <div
                className="work__Tags-s120issw-6 gvMOnK"
              >
                <span
                  className="tag-s10z39p3-0 ejJnhj"
                >
                  Ionic
                </span>
                <span
                  className="tag-s10z39p3-0 ejJnhj"
                >
                  Angular
                </span>
                <span
                  className="tag-s10z39p3-0 ejJnhj"
                >
                  CouchDB
                </span>
                <span
                  className="tag-s10z39p3-0 ejJnhj"
                >
                  PouchDB
                </span>
                <span
                  className="tag-s10z39p3-0 ejJnhj"
                >
                  Node.js
                </span>
                <span
                  className="tag-s10z39p3-0 ejJnhj"
                >
                  now.sh
                </span>
              </div>
              <div
                className="work__Description-s120issw-4 jkZmEu"
                dangerouslySetInnerHTML={
                  Object {
                    "__html": "
    <p>The <b>Meu Negócio</b> application is an virtual assistant that provides Independent Beauty Consultants of Suave Fragrance the opportunity to create sales tickets, manage inventory and service her customers on the go from their mobile devices.</p>
  ",
                  }
                }
              />
              <div
                className="work work__Stores-s120issw-5 ceYOja"
                title="Meu Negócio"
              >
                <a
                  href="https://itunes.apple.com/us/app/suave-fragrance-meu-negócio/id1225991362"
                  rel="noopener"
                  target="_blank"
                >
                  <img
                    alt="Download on the App Store"
                    className="work__Badge-s120issw-7 bXxmRb"
                    src="https://futuring.com.br/static/images/app-store-badge.svg"
                  />
                </a>
                <a
                  href="https://play.google.com/store/apps/details?id=br.com.futuring.apps.suave"
                  rel="noopener"
                  target="_blank"
                >
                  <img
                    alt="Get it on Google Play"
                    className="work__Badge-s120issw-7 bXxmRb"
                    src="https://futuring.com.br/static/images/google-play-badge.png"
                  />
                </a>
              </div>
            </div>
          </div>
        </div>
        <div
          className="work__Work-s120issw-0 iTBlkH"
        >
          <div
            className="work work__Content-s120issw-1 eWORgm"
            title="Mini Receitas"
          >
            <div>
              <img
                alt="Mini Receitas"
                className="work__MockUp-s120issw-2 bfbAZN"
                src="../static/images/home-minireceitas.png"
              />
            </div>
            <div>
              <h3
                className="work__Title-s120issw-3 Rvlgz"
              >
                Mini Receitas
              </h3>
              <div
                className="work__Tags-s120issw-6 gvMOnK"
              >
                <span
                  className="tag-s10z39p3-0 ejJnhj"
                >
                  Ionic
                </span>
                <span
                  className="tag-s10z39p3-0 ejJnhj"
                >
                  Angular
                </span>
                <span
                  className="tag-s10z39p3-0 ejJnhj"
                >
                  CouchDB
                </span>
                <span
                  className="tag-s10z39p3-0 ejJnhj"
                >
                  PouchDB
                </span>
                <span
                  className="tag-s10z39p3-0 ejJnhj"
                >
                  Firebase
                </span>
              </div>
              <div
                className="work__Description-s120issw-4 jkZmEu"
                dangerouslySetInnerHTML={
                  Object {
                    "__html": "
    <p><b>Mini Receitas</b> is an application that allows you to search for recipes through the ingredients that you have at hand. With thousands of possible combinations of filters.</p>
  ",
                  }
                }
              />
              <div
                className="work work__Stores-s120issw-5 bemXtd"
                title="Mini Receitas"
              >
                <a
                  href="https://play.google.com/store/apps/details?id=br.com.jeanlucas.apps.microreceitas"
                  rel="noopener"
                  target="_blank"
                >
                  <img
                    alt="Get it on Google Play"
                    className="work__Badge-s120issw-7 bXxmRb"
                    src="https://futuring.com.br/static/images/google-play-badge.png"
                  />
                </a>
              </div>
            </div>
          </div>
        </div>
        <div
          className="work__Work-s120issw-0 iTBlkH"
        >
          <div
            className="work work__Content-s120issw-1 hqQlpE"
            title="Plan Kids"
          >
            <div>
              <img
                alt="Plan Kids"
                className="work__MockUp-s120issw-2 bfbAZN"
                src="../static/images/home-plankids.png"
              />
            </div>
            <div>
              <h3
                className="work__Title-s120issw-3 Rvlgz"
              >
                Plan Kids
              </h3>
              <div
                className="work__Tags-s120issw-6 gvMOnK"
              >
                <span
                  className="tag-s10z39p3-0 ejJnhj"
                >
                  Ionic
                </span>
                <span
                  className="tag-s10z39p3-0 ejJnhj"
                >
                  Angular
                </span>
                <span
                  className="tag-s10z39p3-0 ejJnhj"
                >
                  Parse Server
                </span>
                <span
                  className="tag-s10z39p3-0 ejJnhj"
                >
                  PouchDB
                </span>
                <span
                  className="tag-s10z39p3-0 ejJnhj"
                >
                  Docker
                </span>
                <span
                  className="tag-s10z39p3-0 ejJnhj"
                >
                  Heroku
                </span>
              </div>
              <div
                className="work__Description-s120issw-4 jkZmEu"
                dangerouslySetInnerHTML={
                  Object {
                    "__html": "
    <p><b>Plan Kids</b> is an application for parents who wish to develop their children's potential through playful play that has been designed using psychopedagogy and coaching.</p>
  ",
                  }
                }
              />
              <div
                className="work work__Stores-s120issw-5 ceYOja"
                title="Plan Kids"
              >
                <a
                  href="https://itunes.apple.com/ca/app/plan-kids/id1147019060"
                  rel="noopener"
                  target="_blank"
                >
                  <img
                    alt="Download on the App Store"
                    className="work__Badge-s120issw-7 bXxmRb"
                    src="https://futuring.com.br/static/images/app-store-badge.svg"
                  />
                </a>
                <a
                  href="https://play.google.com/store/apps/details?id=br.com.futuring.apps.plankidsapp"
                  rel="noopener"
                  target="_blank"
                >
                  <img
                    alt="Get it on Google Play"
                    className="work__Badge-s120issw-7 bXxmRb"
                    src="https://futuring.com.br/static/images/google-play-badge.png"
                  />
                </a>
              </div>
            </div>
          </div>
        </div>
      </div>
    </div>
  </section>
  <div
    className="section-f8dwci-0 kZFxBP"
    id="hire"
  >
    <div
      className="container-sp5kip-0 eELDeP"
    >
      <h2>
        Hire Us
      </h2>
      <hr
        className="hr-s4j2xnw-0 ksWTdO"
      />
      <form
        action="https://formsquash.io/f/SPC9HcXT45IEMlhMeY1Y"
        method="POST"
      >
        <div
          className="form__InputWrapper-o6sbdq-0 inIPOO"
        >
          <input
            className="form__StyledInput-o6sbdq-1 hcOQjP"
            id="name"
            name="name"
            placeholder="Name"
            required={true}
            type="text"
          />
        </div>
        <div
          className="form__InputWrapper-o6sbdq-0 inIPOO"
        >
          <input
            className="form__StyledInput-o6sbdq-1 hcOQjP"
            id="email"
            name="email"
            placeholder="Email"
            required={true}
            type="email"
          />
        </div>
        <div
          className="form__InputWrapper-o6sbdq-0 inIPOO"
        >
          <textarea
            className="form__StyledTextArea-o6sbdq-2 giavqT"
            id="project"
            name="project"
            placeholder="Tell us about your awesome project!"
            required={true}
          />
        </div>
        <button
          className="form__Button-o6sbdq-3 dJBlJr"
          type="submit"
        >
          Request a quote
        </button>
      </form>
    </div>
  </div>
  <footer
    className="pages__Footer-s183zrgj-2 eYclFz"
  >
    <div
      className="container-sp5kip-0 ioOpTO"
    >
      <p>
        Copyright © Futuring 2017
      </p>
    </div>
  </footer>
</div>
`;
